// Jest Snapshot v1, https://goo.gl/fbAQLP

exports[`should match snapshot 1`] = `
<div
  className="w-100 position-relative"
>
  <div
    className="input-group"
  >
    <input
      className="form-control"
      data-testid="searchInput"
      id="searchInput"
      list="cityDataList"
      onChange={[Function]}
      placeholder="Enter city name..."
      value=""
    />
  </div>
  <ul
    className="list-group w-100 position-absolute overflow-auto dropDown"
    data-element-type="dropDown"
    data-testid="dropDown"
    onClick={[Function]}
  />
</div>
`;
